// Jest Snapshot v1, https://goo.gl/fbAQLP

exports[`should render individual buttons 1`] = `
<div
  className="button operator"
  onClick={[Function]}
>
  *
</div>
`;
