// Jest Snapshot v1, https://goo.gl/fbAQLP

exports[`should render Header component correctly 1`] = `
<h1
  style={
    Object {
      "textAlign": "center",
    }
  }
>
  Simple Calculator
</h1>
`;
